../Core/Src/main.c:80:5:main	16	static
../Core/Src/main.c:172:6:SystemClock_Config	72	static
../Core/Src/main.c:212:13:MX_TIM2_Init	32	static
../Core/Src/main.c:260:13:MX_TIM3_Init	32	static
../Core/Src/main.c:305:13:MX_GPIO_Init	40	static
../Core/Src/main.c:346:6:comando	24	static
../Core/Src/main.c:404:6:dato	24	static
../Core/Src/main.c:462:6:initled	8	static
../Core/Src/main.c:475:6:lcdmensaje	24	static
../Core/Src/main.c:481:6:HAL_TIM_PeriodElapsedCallback	16	static
../Core/Src/main.c:498:6:Error_Handler	4	static,ignoring_inline_asm
